[2026-07-25T06:02:23.100Z] [INFO] GET /search.html → 200 {"durationMs":9}
[2026-07-25T06:02:23.162Z] [INFO] GET /theme.css → 304 {"durationMs":3}
[2026-07-25T06:02:23.163Z] [INFO] GET /app.js → 304 {"durationMs":3}
[2026-07-25T06:02:26.514Z] [INFO] GET /api/courts?q=%D0%9F%D0%B5%D1%80%D0%BC → 200 {"durationMs":10}
[2026-07-25T06:02:27.152Z] [INFO] GET /api/courts?q=%D0%9F%D0%B5%D1%80%D0%BC%D1%81%D0%BA → 200 {"durationMs":8}
[2026-07-25T06:02:27.948Z] [INFO] GET /api/courts?q=%D0%9F%D0%B5%D1%80%D0%BC%D1%81%D0%BA%D0%B8 → 200 {"durationMs":8}
[2026-07-25T06:02:29.163Z] [INFO] GET /api/courts?q=%D0%9F%D0%B5%D1%80%D0%BC%D1%81%D0%BA%D0%B8%D0%B9%20 → 200 {"durationMs":7}
[2026-07-25T06:02:29.694Z] [INFO] GET /api/courts?q=%D0%9F%D0%B5%D1%80%D0%BC%D1%81%D0%BA%D0%B8%D0%B9%20%D0%BA → 200 {"durationMs":7}
[2026-07-25T06:02:30.474Z] [INFO] GET /api/courts?q=%D0%9F%D0%B5%D1%80%D0%BC%D1%81%D0%BA%D0%B8%D0%B9%20%D0%BA%D1%80%D0%B0%D0%B5 → 200 {"durationMs":6}
[2026-07-25T06:02:30.897Z] [INFO] GET /api/courts?q=%D0%9F%D0%B5%D1%80%D0%BC%D1%81%D0%BA%D0%B8%D0%B9%20%D0%BA%D1%80%D0%B0%D0%B5%D0%B2 → 200 {"durationMs":7}
[2026-07-25T06:02:32.134Z] [INFO] GET /api/courts/59OS0000 → 304 {"durationMs":1}
[2026-07-25T06:02:41.903Z] [INFO] POST /api/search/by-party → 200 {"durationMs":239}
[2026-07-25T06:02:42.983Z] [INFO] POST /api/search/by-party → 200 {"durationMs":51}
[2026-07-25T06:05:50.940Z] [INFO] GET /search.html → 304 {"durationMs":7}
[2026-07-25T06:05:51.010Z] [INFO] GET /theme.css → 304 {"durationMs":2}
[2026-07-25T06:05:51.011Z] [INFO] GET /app.js → 304 {"durationMs":2}
[2026-07-25T06:05:54.770Z] [INFO] GET /api/courts?q=%D0%9F%D0%B5 → 200 {"durationMs":8}
[2026-07-25T06:05:56.950Z] [INFO] GET /api/courts?q=%D0%9F%D0%B5%D1%80%D0%BC%20%D0%BA%D0%B0%D1%80 → 200 {"durationMs":8}
[2026-07-25T06:05:57.327Z] [INFO] GET /api/courts?q=%D0%9F%D0%B5%D1%80%D0%BC%20%D0%BA%D0%B0%D1%80%D0%B5 → 200 {"durationMs":9}
[2026-07-25T06:05:58.278Z] [INFO] GET /api/courts?q=%D0%9F%D0%B5%D1%80%D0%BC%20%D0%BA → 200 {"durationMs":9}
[2026-07-25T06:05:59.024Z] [INFO] GET /api/courts?q=%D0%9F%D0%B5%D1%80%D0%BC%20%D0%BA%D1%80%D0%B0%D0%B5 → 200 {"durationMs":8}
[2026-07-25T06:06:01.361Z] [INFO] GET /api/courts/59OS0000 → 304 {"durationMs":1}
[2026-07-25T06:06:18.935Z] [INFO] POST /api/search/by-party → 200 {"durationMs":438}
[2026-07-25T06:06:20.116Z] [INFO] POST /api/search/by-party → 200 {"durationMs":134}
[2026-07-25T06:06:30.347Z] [INFO] GET /search.html → 304 {"durationMs":6}
[2026-07-25T06:06:30.417Z] [INFO] GET /theme.css → 304 {"durationMs":2}
[2026-07-25T06:06:30.417Z] [INFO] GET /app.js → 304 {"durationMs":1}
[2026-07-25T06:06:32.139Z] [INFO] GET / → 304 {"durationMs":1}
[2026-07-25T06:06:32.423Z] [INFO] GET /theme.css → 304 {"durationMs":1}
[2026-07-25T06:06:32.424Z] [INFO] GET /app.js → 304 {"durationMs":1}
[2026-07-25T06:06:32.435Z] [INFO] GET /api/status → 304 {"durationMs":2}
[2026-07-25T06:06:32.436Z] [INFO] GET /api/cases → 304 {"durationMs":0}
[2026-07-25T06:06:32.438Z] [INFO] GET /api/notifications → 304 {"durationMs":1}
[2026-07-25T06:06:34.724Z] [INFO] POST /api/parse/run → 202 {"durationMs":21}
[2026-07-25T06:06:39.735Z] [INFO] GET /api/cases → 304 {"durationMs":1}
[2026-07-25T06:06:39.736Z] [INFO] GET /api/status → 304 {"durationMs":0}
[2026-07-25T06:06:39.738Z] [INFO] GET /api/notifications → 304 {"durationMs":1}
[2026-07-25T06:06:44.741Z] [INFO] GET /api/status → 304 {"durationMs":1}
[2026-07-25T06:06:44.742Z] [INFO] GET /api/cases → 304 {"durationMs":1}
[2026-07-25T06:06:44.742Z] [INFO] GET /api/notifications → 304 {"durationMs":0}
[2026-07-25T06:06:49.229Z] [INFO] GET /api/notifications → 304 {"durationMs":0}
[2026-07-25T06:06:49.233Z] [INFO] GET /api/status → 304 {"durationMs":1}
[2026-07-25T06:06:49.233Z] [INFO] GET /api/cases → 304 {"durationMs":0}
[2026-07-25T06:06:49.234Z] [INFO] GET /api/notifications → 304 {"durationMs":0}
[2026-07-25T06:06:49.738Z] [INFO] GET /api/status → 304 {"durationMs":0}
[2026-07-25T06:06:49.739Z] [INFO] GET /api/cases → 304 {"durationMs":0}
[2026-07-25T06:06:49.740Z] [INFO] GET /api/notifications → 304 {"durationMs":0}
[2026-07-25T06:06:50.254Z] [INFO] GET /search.html → 304 {"durationMs":1}
[2026-07-25T06:06:50.329Z] [INFO] GET /theme.css → 304 {"durationMs":1}
[2026-07-25T06:06:50.330Z] [INFO] GET /app.js → 304 {"durationMs":1}
[2026-07-25T06:06:53.461Z] [INFO] GET /api/courts?q=%D0%9F%D0%B5%D1%80%D0%BC → 304 {"durationMs":10}
[2026-07-25T06:06:55.322Z] [INFO] GET /api/courts?q=%D0%9F%D0%B5%D1%80%D0%BC%20%D0%BA%D1%80 → 200 {"durationMs":8}
[2026-07-25T06:06:55.755Z] [INFO] GET /api/courts?q=%D0%9F%D0%B5%D1%80%D0%BC%20%D0%BA%D1%80%D0%B0 → 200 {"durationMs":7}
[2026-07-25T06:06:58.424Z] [INFO] GET /api/courts?q=%D0%9F%D0%B5%D1%80%D0%BC%20%D0%BA%D1%80%D0%B0%D0%B5 → 304 {"durationMs":8}
[2026-07-25T06:07:00.749Z] [INFO] GET /api/courts/59OS0000 → 304 {"durationMs":1}
[2026-07-25T06:07:07.523Z] [INFO] POST /api/search/by-party → 200 {"durationMs":239}
[2026-07-25T06:07:42.570Z] [INFO] GET /api/courts?q=%D0%94%D0%B7%D0%B5%D1%80%20%D0%BF%D0%B5%D1%80%D0%BC → 200 {"durationMs":8}
[2026-07-25T06:07:46.406Z] [INFO] GET /api/courts/59RS0001 → 304 {"durationMs":0}
[2026-07-25T06:07:52.247Z] [INFO] POST /api/search/by-party → 200 {"durationMs":2489}
[2026-07-25T06:13:33.402Z] [INFO] GET /search.html → 200 {"durationMs":6}
[2026-07-25T06:13:33.467Z] [INFO] GET /theme.css → 304 {"durationMs":2}
[2026-07-25T06:13:33.468Z] [INFO] GET /app.js → 304 {"durationMs":2}
[2026-07-25T06:13:36.505Z] [INFO] GET /api/courts?q=%D0%9F%D0%B5 → 304 {"durationMs":9}
[2026-07-25T06:13:37.033Z] [INFO] GET /api/courts?q=%D0%9F%D0%B5%D1%80%D0%BC → 304 {"durationMs":8}
[2026-07-25T06:13:37.993Z] [INFO] GET /api/courts?q=%D0%9F%D0%B5%D1%80%D0%BC%D1%81 → 200 {"durationMs":8}
[2026-07-25T06:13:38.335Z] [INFO] GET /api/courts?q=%D0%9F%D0%B5%D1%80%D0%BC%D1%81%20 → 200 {"durationMs":7}
[2026-07-25T06:13:38.803Z] [INFO] GET /api/courts?q=%D0%9F%D0%B5%D1%80%D0%BC%D1%81%20%D0%BA → 200 {"durationMs":8}
[2026-07-25T06:13:39.223Z] [INFO] GET /api/courts?q=%D0%9F%D0%B5%D1%80%D0%BC%D1%81%20%D0%BA%D1%80%D0%B0 → 200 {"durationMs":7}
[2026-07-25T06:13:39.726Z] [INFO] GET /api/courts?q=%D0%9F%D0%B5%D1%80%D0%BC%D1%81%20%D0%BA%D1%80%D0%B0%D0%B5 → 200 {"durationMs":8}
[2026-07-25T06:13:41.779Z] [INFO] GET /api/courts/59OS0000 → 304 {"durationMs":1}
[2026-07-25T06:13:59.922Z] [INFO] POST /api/search/by-party → 500 {"durationMs":7804}
[2026-07-25T06:15:58.870Z] [INFO] GET /search.html → 304 {"durationMs":6}
[2026-07-25T06:15:58.928Z] [INFO] GET /theme.css → 304 {"durationMs":1}
[2026-07-25T06:15:58.929Z] [INFO] GET /app.js → 304 {"durationMs":1}
[2026-07-25T06:16:00.739Z] [INFO] GET / → 304 {"durationMs":1}
[2026-07-25T06:16:00.804Z] [INFO] GET /theme.css → 304 {"durationMs":2}
[2026-07-25T06:16:00.806Z] [INFO] GET /app.js → 304 {"durationMs":2}
[2026-07-25T06:16:00.816Z] [INFO] GET /api/status → 304 {"durationMs":2}
[2026-07-25T06:16:00.817Z] [INFO] GET /api/cases → 304 {"durationMs":0}
[2026-07-25T06:16:00.818Z] [INFO] GET /api/notifications → 304 {"durationMs":0}
[2026-07-25T06:16:03.317Z] [INFO] GET / → 200 {"durationMs":3}
[2026-07-25T06:16:03.379Z] [INFO] GET /theme.css → 200 {"durationMs":1}
[2026-07-25T06:16:03.380Z] [INFO] GET /app.js → 200 {"durationMs":2}
[2026-07-25T06:16:03.385Z] [INFO] GET /api/status → 200 {"durationMs":0}
[2026-07-25T06:16:03.386Z] [INFO] GET /api/cases → 200 {"durationMs":0}
[2026-07-25T06:16:03.387Z] [INFO] GET /api/notifications → 200 {"durationMs":0}
[2026-07-25T06:16:03.481Z] [INFO] GET /favicon.ico → 404 {"durationMs":2}
[2026-07-25T06:16:11.530Z] [INFO] GET /search.html → 304 {"durationMs":1}
[2026-07-25T06:16:11.814Z] [INFO] GET /theme.css → 304 {"durationMs":1}
[2026-07-25T06:16:11.814Z] [INFO] GET /app.js → 304 {"durationMs":1}
[2026-07-25T06:16:15.550Z] [INFO] GET /api/courts?q=%D0%9F%D0%B5%D1%80 → 200 {"durationMs":7}
[2026-07-25T06:16:16.494Z] [INFO] GET /api/courts?q=%D0%9F%D0%B5%D1%80%D0%BC%20%D0%BA → 304 {"durationMs":10}
[2026-07-25T06:16:16.942Z] [INFO] GET /api/courts?q=%D0%9F%D0%B5%D1%80%D0%BC%20%D0%BA%D1%80%D0%B0 → 304 {"durationMs":7}
[2026-07-25T06:16:17.283Z] [INFO] GET /api/courts?q=%D0%9F%D0%B5%D1%80%D0%BC%20%D0%BA%D1%80%D0%B0%D0%B5 → 304 {"durationMs":6}
[2026-07-25T06:16:17.659Z] [INFO] GET /api/courts?q=%D0%9F%D0%B5%D1%80%D0%BC%20%D0%BA%D1%80%D0%B0%D0%B5%D0%B2 → 200 {"durationMs":7}
[2026-07-25T06:16:18.016Z] [INFO] GET /api/courts?q=%D0%9F%D0%B5%D1%80%D0%BC%20%D0%BA%D1%80%D0%B0%D0%B5%D0%B2%D0%BE → 200 {"durationMs":6}
[2026-07-25T06:16:19.768Z] [INFO] GET /api/courts/59OS0000 → 304 {"durationMs":0}
[2026-07-25T06:16:33.869Z] [INFO] POST /api/search/by-party → 200 {"durationMs":8380}
[2026-07-25T06:16:42.659Z] [INFO] GET /api/courts?q=%D0%94%D0%B7%D0%B5%D1%80 → 200 {"durationMs":8}
[2026-07-25T06:16:44.013Z] [INFO] GET /api/courts?q=%D0%94%D0%B7%D0%B5%D1%80%D0%B6 → 200 {"durationMs":7}
[2026-07-25T06:16:44.544Z] [INFO] GET /api/courts?q=%D0%94%D0%B7%D0%B5%D1%80%D0%B6%D0%B8 → 200 {"durationMs":6}
[2026-07-25T06:16:45.527Z] [INFO] GET /api/courts?q=%D0%94%D0%B7%D0%B5%D1%80%D0%B6%D0%B8%D0%BD%D1%81%D0%BA → 200 {"durationMs":6}
[2026-07-25T06:16:45.916Z] [INFO] GET /api/courts?q=%D0%94%D0%B7%D0%B5%D1%80%D0%B6%D0%B8%D0%BD%D1%81%D0%BA%D0%B8 → 200 {"durationMs":6}
[2026-07-25T06:16:46.245Z] [INFO] GET /api/courts?q=%D0%94%D0%B7%D0%B5%D1%80%D0%B6%D0%B8%D0%BD%D1%81%D0%BA%D0%B8%D0%B9 → 200 {"durationMs":7}
[2026-07-25T06:16:52.102Z] [INFO] GET /api/courts?q=%D0%94%D0%B7%D0%B5%D1%80%D0%B6%D0%B8%D0%BD%D1%81%D0%BA%D0%B8%D0%B9%20%D0%BF%D0%B5%D1%80%D0%BC → 200 {"durationMs":6}
[2026-07-25T06:16:53.644Z] [INFO] GET /api/courts/59RS0001 → 304 {"durationMs":0}
[2026-07-25T06:16:57.867Z] [INFO] POST /api/search/by-party → 200 {"durationMs":2483}
[2026-07-25T06:17:30.491Z] [INFO] GET /api/courts?q=%D0%9F%D0%B5%D1%80%D0%BC → 304 {"durationMs":9}
[2026-07-25T06:17:31.313Z] [INFO] GET /api/courts?q=%D0%9F%D0%B5%D1%80%D0%BC%20 → 200 {"durationMs":6}
[2026-07-25T06:17:31.735Z] [INFO] GET /api/courts?q=%D0%9F%D0%B5%D1%80%D0%BC%20%D0%BA → 304 {"durationMs":7}
[2026-07-25T06:17:33.138Z] [INFO] GET /api/courts?q=%D0%9F%D0%B5%D1%80%D0%BC%20%D0%BA%D1%80%D0%B0%D0%B5%D0%B2%D0%BE → 304 {"durationMs":7}
[2026-07-25T06:17:34.462Z] [INFO] GET /api/courts/59OS0000 → 304 {"durationMs":1}
[2026-07-25T06:17:44.953Z] [INFO] POST /api/search/by-party → 200 {"durationMs":8302}
[2026-07-25T06:20:50.059Z] [INFO] GET /search.html → 200 {"durationMs":7}
[2026-07-25T06:20:50.123Z] [INFO] GET /theme.css → 200 {"durationMs":2}
[2026-07-25T06:20:50.124Z] [INFO] GET /app.js → 200 {"durationMs":2}
[2026-07-25T06:20:50.223Z] [INFO] GET /favicon.ico → 404 {"durationMs":2}
[2026-07-25T06:20:52.618Z] [INFO] GET / → 304 {"durationMs":2}
[2026-07-25T06:20:52.683Z] [INFO] GET /theme.css → 304 {"durationMs":1}
[2026-07-25T06:20:52.684Z] [INFO] GET /app.js → 304 {"durationMs":0}
[2026-07-25T06:20:52.695Z] [INFO] GET /api/status → 304 {"durationMs":3}
[2026-07-25T06:20:52.697Z] [INFO] GET /api/cases → 304 {"durationMs":1}
[2026-07-25T06:20:52.699Z] [INFO] GET /api/notifications → 304 {"durationMs":1}
[2026-07-25T06:20:54.869Z] [INFO] POST /api/parse/run → 202 {"durationMs":19}
[2026-07-25T06:20:59.882Z] [INFO] GET /api/cases → 304 {"durationMs":0}
[2026-07-25T06:20:59.883Z] [INFO] GET /api/status → 304 {"durationMs":0}
[2026-07-25T06:20:59.884Z] [INFO] GET /api/notifications → 304 {"durationMs":0}
[2026-07-25T06:21:04.882Z] [INFO] GET /api/status → 304 {"durationMs":0}
[2026-07-25T06:21:04.883Z] [INFO] GET /api/cases → 304 {"durationMs":0}
[2026-07-25T06:21:04.884Z] [INFO] GET /api/notifications → 304 {"durationMs":1}
[2026-07-25T06:21:06.459Z] [INFO] GET /search.html → 304 {"durationMs":1}
[2026-07-25T06:21:06.768Z] [INFO] GET /theme.css → 304 {"durationMs":1}
[2026-07-25T06:21:06.769Z] [INFO] GET /app.js → 304 {"durationMs":1}
[2026-07-25T06:21:12.125Z] [INFO] GET /api/courts?q=%D0%9F%D0%B5%D1%80%D0%BC%20%D0%BA%D1%80%D0%B0%D0%B5%D0%B2 → 304 {"durationMs":7}
[2026-07-25T06:21:13.908Z] [INFO] GET /api/courts/59OS0000 → 304 {"durationMs":1}
[2026-07-25T06:21:27.796Z] [INFO] POST /api/search/by-party → 200 {"durationMs":8570}
[2026-07-25T06:34:27.932Z] [INFO] GET / → 304 {"durationMs":5}
[2026-07-25T06:34:27.999Z] [INFO] GET /theme.css → 304 {"durationMs":2}
[2026-07-25T06:34:28.000Z] [INFO] GET /app.js → 304 {"durationMs":2}
[2026-07-25T06:34:28.010Z] [INFO] GET /api/status → 304 {"durationMs":4}
[2026-07-25T06:34:28.011Z] [INFO] GET /api/cases → 304 {"durationMs":1}
[2026-07-25T06:34:28.013Z] [INFO] GET /api/notifications → 304 {"durationMs":1}
[2026-07-25T06:34:30.924Z] [INFO] GET /search.html → 200 {"durationMs":3}
[2026-07-25T06:34:31.177Z] [INFO] GET /theme.css → 304 {"durationMs":1}
[2026-07-25T06:34:31.178Z] [INFO] GET /app.js → 304 {"durationMs":2}
[2026-07-25T06:34:34.840Z] [INFO] GET /api/courts?q=%D0%9F%D0%B5%D1%80%D0%BC%20%D0%BA → 304 {"durationMs":7}
[2026-07-25T06:34:35.938Z] [INFO] GET /api/courts?q=%D0%9F%D0%B5%D1%80%D0%BC%20%D0%BA%D1%80%D0%B0%D0%B5%D0%B2 → 304 {"durationMs":7}
[2026-07-25T06:34:37.571Z] [INFO] GET /api/courts/59OS0000 → 304 {"durationMs":1}
[2026-07-25T06:34:55.886Z] [INFO] POST /api/search/by-party → 500 {"durationMs":8409}
[2026-07-25T06:40:54.544Z] [INFO] GET / → 304 {"durationMs":6}
[2026-07-25T06:40:54.593Z] [INFO] GET /theme.css → 304 {"durationMs":1}
[2026-07-25T06:40:54.600Z] [INFO] GET /app.js → 304 {"durationMs":0}
[2026-07-25T06:40:54.609Z] [INFO] GET /api/status → 304 {"durationMs":2}
[2026-07-25T06:40:54.610Z] [INFO] GET /api/cases → 304 {"durationMs":0}
[2026-07-25T06:40:54.612Z] [INFO] GET /api/notifications → 304 {"durationMs":1}
[2026-07-25T06:40:57.793Z] [INFO] GET / → 200 {"durationMs":4}
[2026-07-25T06:40:57.849Z] [INFO] GET /theme.css → 200 {"durationMs":1}
[2026-07-25T06:40:57.851Z] [INFO] GET /app.js → 200 {"durationMs":1}
[2026-07-25T06:40:57.859Z] [INFO] GET /api/status → 200 {"durationMs":0}
[2026-07-25T06:40:57.860Z] [INFO] GET /api/cases → 200 {"durationMs":0}
[2026-07-25T06:40:57.861Z] [INFO] GET /api/notifications → 200 {"durationMs":0}
[2026-07-25T06:40:57.942Z] [INFO] GET /favicon.ico → 404 {"durationMs":2}
[2026-07-25T06:41:00.281Z] [INFO] GET /search.html → 304 {"durationMs":0}
[2026-07-25T06:41:00.544Z] [INFO] GET /theme.css → 304 {"durationMs":1}
[2026-07-25T06:41:00.546Z] [INFO] GET /app.js → 304 {"durationMs":0}
[2026-07-25T06:41:03.518Z] [INFO] GET /api/courts?q=%D0%BF%D0%B5%D1%80%D0%BC → 304 {"durationMs":8}
[2026-07-25T06:41:04.786Z] [INFO] GET /api/courts?q=%D0%BF%D0%B5%D1%80%D0%BC%20%D0%BA%D1%80%D0%B0 → 200 {"durationMs":10}
[2026-07-25T06:41:05.927Z] [INFO] GET /api/courts?q=%D0%BF%D0%B5%D1%80%D0%BC%20%D0%BA%D1%80%D0%B0%D0%B5 → 200 {"durationMs":7}
[2026-07-25T06:41:06.241Z] [INFO] GET /api/courts?q=%D0%BF%D0%B5%D1%80%D0%BC%20%D0%BA%D1%80%D0%B0%D0%B5%D0%B2 → 200 {"durationMs":6}
[2026-07-25T06:41:08.378Z] [INFO] GET /api/courts/59OS0000 → 304 {"durationMs":1}
[2026-07-25T06:41:29.602Z] [INFO] POST /api/search/by-party → 200 {"durationMs":8194}
[2026-07-25T06:41:36.666Z] [INFO] GET /search.html → 304 {"durationMs":2}
[2026-07-25T06:41:36.732Z] [INFO] GET /theme.css → 304 {"durationMs":1}
[2026-07-25T06:41:36.732Z] [INFO] GET /app.js → 304 {"durationMs":1}
[2026-07-25T06:41:40.203Z] [INFO] GET /api/courts?q=%D0%9F%D0%B5%D1%80%D0%BC%D1%8C → 200 {"durationMs":8}
[2026-07-25T06:41:41.517Z] [INFO] GET /api/courts?q=%D0%9F%D0%B5%D1%80%D0%BC%D1%8C%20 → 200 {"durationMs":8}
[2026-07-25T06:41:42.544Z] [INFO] GET /api/courts?q=%D0%9F%D0%B5%D1%80%D0%BC%D1%8C%20%D0%BA%D1%80%D0%B0 → 200 {"durationMs":6}
[2026-07-25T06:41:43.245Z] [INFO] GET /api/courts?q=%D0%9F%D0%B5%D1%80%D0%BC%D1%8C%20%D0%BA%D1%80%D0%B0%D0%B5%D0%B2 → 200 {"durationMs":6}
[2026-07-25T06:41:46.650Z] [INFO] GET /api/courts?q=%D0%9F%D0%B5%D1%80%D0%BC%20%D0%BA%D1%80%D0%B0%D0%B5%D0%B2 → 304 {"durationMs":5}
[2026-07-25T06:41:48.988Z] [INFO] GET /api/courts/59OS0000 → 304 {"durationMs":1}
[2026-07-25T06:42:04.283Z] [INFO] POST /api/search/by-party → 200 {"durationMs":7968}
[2026-07-25T06:44:27.320Z] [INFO] GET / → 304 {"durationMs":5}
[2026-07-25T06:44:27.402Z] [INFO] GET /theme.css → 304 {"durationMs":2}
[2026-07-25T06:44:27.403Z] [INFO] GET /app.js → 304 {"durationMs":2}
[2026-07-25T06:44:27.432Z] [INFO] GET /api/status → 304 {"durationMs":2}
[2026-07-25T06:44:27.434Z] [INFO] GET /api/cases → 304 {"durationMs":0}
[2026-07-25T06:44:27.435Z] [INFO] GET /api/notifications → 304 {"durationMs":1}
[2026-07-25T06:44:31.327Z] [INFO] GET /search.html → 304 {"durationMs":1}
[2026-07-25T06:44:31.583Z] [INFO] GET /theme.css → 304 {"durationMs":1}
[2026-07-25T06:44:31.584Z] [INFO] GET /app.js → 304 {"durationMs":1}
[2026-07-25T06:44:35.072Z] [INFO] GET /api/courts?q=%D0%9F%D0%B5%D1%80%D0%BC%20%D0%BA → 304 {"durationMs":7}
[2026-07-25T06:44:36.113Z] [INFO] GET /api/courts?q=%D0%9F%D0%B5%D1%80%D0%BC%20%D0%BA%D1%80%D0%B0%D0%B5%D0%B2 → 304 {"durationMs":6}
[2026-07-25T06:44:37.685Z] [INFO] GET /api/courts/59OS0000 → 304 {"durationMs":1}
[2026-07-25T06:45:49.141Z] [INFO] POST /api/search/by-party → 200 {"durationMs":66932}
[2026-07-25T06:46:41.949Z] [INFO] GET /api/courts?q=2%20%D1%81%D1%83%D0%B4%D0%B5%D0%B1%D0%BD%D1%8B%D0%B9%20%D0%BF%D0%B5%D1%80%D0%BC → 200 {"durationMs":10}
[2026-07-25T06:46:46.109Z] [INFO] GET /api/courts/59MS0002 → 200 {"durationMs":5}
[2026-07-25T06:47:52.922Z] [INFO] POST /api/search/by-party → 500 {"durationMs":22137}
[2026-07-25T06:48:32.894Z] [INFO] GET /search.html → 200 {"durationMs":7}
[2026-07-25T06:48:33.011Z] [INFO] GET /theme.css → 304 {"durationMs":2}
[2026-07-25T06:48:33.012Z] [INFO] GET /app.js → 304 {"durationMs":1}
[2026-07-25T06:48:33.149Z] [INFO] GET /favicon.ico → 404 {"durationMs":2}
[2026-07-25T06:48:44.670Z] [INFO] GET /api/courts?q=%D0%92%D1%82%D0%BE%D1%80%D0%BE%D0%B9%20 → 200 {"durationMs":8}
[2026-07-25T06:48:47.106Z] [INFO] GET /api/courts?q=%D0%92%D1%82%D0%BE%D1%80%D0%BE%D0%B9%20%D0%BF%D0%B5%D1%80%D0%BC → 200 {"durationMs":7}
[2026-07-25T06:48:47.663Z] [INFO] GET /api/courts?q=%D0%92%D1%82%D0%BE%D1%80%D0%BE%D0%B9%20%D0%BF%D0%B5%D1%80%D0%BC%D1%81 → 200 {"durationMs":9}
[2026-07-25T06:48:53.821Z] [INFO] GET /api/courts?q=2%20 → 200 {"durationMs":1}
[2026-07-25T06:48:57.690Z] [INFO] GET /api/courts?q=2%20%D0%BF%D0%B5%D1%80%D0%BC → 200 {"durationMs":7}
[2026-07-25T06:48:58.473Z] [INFO] GET /api/courts?q=2%20%D0%BF%D0%B5%D1%80%D0%BC%20 → 200 {"durationMs":6}
[2026-07-25T06:49:03.831Z] [INFO] GET /api/courts/59MS0002 → 304 {"durationMs":1}
[2026-07-25T06:49:44.070Z] [INFO] POST /api/search/by-party → 500 {"durationMs":33306}
[2026-07-25T06:51:37.339Z] [INFO] GET /api/courts?q=%D0%9F%D0%B5%D1%80%D0%BC%D1%8C%20%D0%B5 → 200 {"durationMs":6}
[2026-07-25T06:51:38.222Z] [INFO] GET /api/courts?q=%D0%9F%D0%B5%D1%80%D0%BC%D1%8C%20%D0%BA%D1%80 → 200 {"durationMs":6}
[2026-07-25T06:51:38.566Z] [INFO] GET /api/courts?q=%D0%9F%D0%B5%D1%80%D0%BC%D1%8C%20%D0%BA%D1%80%D0%B5 → 200 {"durationMs":6}
[2026-07-25T06:51:39.878Z] [INFO] GET /api/courts?q=%D0%9F%D0%B5%D1%80%D0%BC%D1%8C%20%D0%BA%D1%80%D0%B0%D0%B5%D0%B2 → 304 {"durationMs":7}
[2026-07-25T06:51:42.969Z] [INFO] GET /search.html → 304 {"durationMs":1}
[2026-07-25T06:51:43.037Z] [INFO] GET /theme.css → 304 {"durationMs":1}
[2026-07-25T06:51:43.038Z] [INFO] GET /app.js → 304 {"durationMs":1}
[2026-07-25T06:51:46.574Z] [INFO] GET /api/courts?q=%D0%9F%D0%B5%D1%80%D0%BC%D1%8C → 304 {"durationMs":6}
[2026-07-25T06:51:47.925Z] [INFO] GET /api/courts?q=%D0%9F%D0%B5%D1%80%D0%BC%20%D0%BA%D1%80%D0%B0 → 304 {"durationMs":9}
[2026-07-25T06:51:48.691Z] [INFO] GET /api/courts?q=%D0%9F%D0%B5%D1%80%D0%BC%20%D0%BA%D1%80%D0%B0%D0%B5 → 304 {"durationMs":6}
[2026-07-25T06:51:49.037Z] [INFO] GET /api/courts?q=%D0%9F%D0%B5%D1%80%D0%BC%20%D0%BA%D1%80%D0%B0%D0%B5%D0%B2 → 304 {"durationMs":6}
[2026-07-25T06:51:50.058Z] [INFO] GET /api/courts/59OS0000 → 304 {"durationMs":1}
[2026-07-25T06:52:09.966Z] [INFO] POST /api/search/by-party → 200 {"durationMs":13030}
[2026-07-25T07:01:03.018Z] [INFO] GET / → 304 {"durationMs":5}
[2026-07-25T07:01:03.099Z] [INFO] GET /theme.css → 304 {"durationMs":2}
[2026-07-25T07:01:03.100Z] [INFO] GET /app.js → 304 {"durationMs":1}
[2026-07-25T07:01:03.123Z] [INFO] GET /api/status → 304 {"durationMs":2}
[2026-07-25T07:01:03.124Z] [INFO] GET /api/cases → 304 {"durationMs":1}
[2026-07-25T07:01:03.125Z] [INFO] GET /api/notifications → 304 {"durationMs":1}
[2026-07-25T07:01:07.096Z] [INFO] GET / → 200 {"durationMs":3}
[2026-07-25T07:01:07.168Z] [INFO] GET /theme.css → 200 {"durationMs":1}
[2026-07-25T07:01:07.170Z] [INFO] GET /app.js → 200 {"durationMs":1}
[2026-07-25T07:01:07.179Z] [INFO] GET /api/status → 200 {"durationMs":0}
[2026-07-25T07:01:07.182Z] [INFO] GET /api/cases → 200 {"durationMs":2}
[2026-07-25T07:01:07.184Z] [INFO] GET /api/notifications → 200 {"durationMs":1}
[2026-07-25T07:01:07.257Z] [INFO] GET /favicon.ico → 404 {"durationMs":1}
[2026-07-25T07:01:09.497Z] [INFO] GET /search.html → 304 {"durationMs":0}
[2026-07-25T07:01:09.751Z] [INFO] GET /theme.css → 304 {"durationMs":3}
[2026-07-25T07:01:09.752Z] [INFO] GET /app.js → 304 {"durationMs":3}
[2026-07-25T07:01:12.835Z] [INFO] GET /api/courts?q=%D0%9F%D0%B5%D1%80%D0%BC → 304 {"durationMs":9}
[2026-07-25T07:01:13.527Z] [INFO] GET /api/courts?q=%D0%9F%D0%B5%D1%80%D0%BC%20 → 304 {"durationMs":7}
[2026-07-25T07:01:14.445Z] [INFO] GET /api/courts?q=%D0%9F%D0%B5%D1%80%D0%BC%20%D0%BA%D1%80%D0%B0 → 304 {"durationMs":6}
[2026-07-25T07:01:15.165Z] [INFO] GET /api/courts?q=%D0%9F%D0%B5%D1%80%D0%BC%20%D0%BA%D1%80%D0%B0%D0%B5%D0%B2 → 304 {"durationMs":6}
[2026-07-25T07:01:16.477Z] [INFO] GET /api/courts/59OS0000 → 304 {"durationMs":1}
[2026-07-25T07:01:30.085Z] [INFO] POST /api/search/by-party → 200 {"durationMs":7459}
[2026-07-25T07:01:37.842Z] [INFO] GET /api/courts?q=%D0%9F%D0%B5%D1%80 → 304 {"durationMs":7}
[2026-07-25T07:01:38.592Z] [INFO] GET /api/courts?q=%D0%9F%D0%B5%D1%80%D0%BC%20 → 304 {"durationMs":6}
[2026-07-25T07:01:39.758Z] [INFO] GET /api/courts?q=%D0%9F%D0%B5%D1%80%D0%BC%20%D0%94 → 200 {"durationMs":6}
[2026-07-25T07:01:40.448Z] [INFO] GET /api/courts?q=%D0%9F%D0%B5%D1%80%D0%BC%20%D0%94%D0%B7%D0%B5%D1%80 → 200 {"durationMs":6}
[2026-07-25T07:01:41.941Z] [INFO] GET /api/courts?q=%D0%9F%D0%B5%D1%80%D0%BC%20%D0%94%D0%B7%D0%B5%D1%80%D0%B6 → 200 {"durationMs":7}
[2026-07-25T07:01:50.825Z] [INFO] GET /api/courts/59RS0001 → 304 {"durationMs":1}
[2026-07-25T07:01:55.937Z] [INFO] POST /api/search/by-party → 200 {"durationMs":2429}
[2026-07-25T07:02:30.240Z] [INFO] GET /api/courts?q=2%20 → 304 {"durationMs":1}
[2026-07-25T07:02:31.306Z] [INFO] GET /api/courts?q=2%20%D0%B4 → 200 {"durationMs":0}
[2026-07-25T07:02:31.951Z] [INFO] GET /api/courts?q=2%20 → 304 {"durationMs":1}
[2026-07-25T07:02:34.276Z] [INFO] GET /api/courts?q=2%20%D1%83%D1%87%D0%B0%D1%81%D1%82%D0%BE%20 → 200 {"durationMs":7}
[2026-07-25T07:02:35.109Z] [INFO] GET /api/courts?q=2%20%D1%83%D1%87%D0%B0%D1%81%D1%82%D0%BE%20%D0%BF%D0%B5%D1%80 → 200 {"durationMs":8}
[2026-07-25T07:02:35.456Z] [INFO] GET /api/courts?q=2%20%D1%83%D1%87%D0%B0%D1%81%D1%82%D0%BE%20%D0%BF%D0%B5%D1%80%D0%BC → 200 {"durationMs":8}
[2026-07-25T07:02:47.172Z] [INFO] GET /api/courts/59MS0002 → 304 {"durationMs":0}
[2026-07-25T07:03:21.108Z] [INFO] POST /api/search/by-party → 200 {"durationMs":31459}
[2026-07-25T07:06:19.751Z] [INFO] GET / → 304 {"durationMs":5}
[2026-07-25T07:06:19.864Z] [INFO] GET /theme.css → 304 {"durationMs":1}
[2026-07-25T07:06:19.866Z] [INFO] GET /app.js → 304 {"durationMs":0}
[2026-07-25T07:06:19.875Z] [INFO] GET /api/status → 304 {"durationMs":1}
[2026-07-25T07:06:19.876Z] [INFO] GET /api/cases → 304 {"durationMs":1}
[2026-07-25T07:06:19.877Z] [INFO] GET /api/notifications → 304 {"durationMs":1}
[2026-07-25T07:06:23.678Z] [INFO] GET /search.html → 304 {"durationMs":0}
[2026-07-25T07:06:23.932Z] [INFO] GET /theme.css → 304 {"durationMs":1}
[2026-07-25T07:06:23.933Z] [INFO] GET /app.js → 304 {"durationMs":1}
[2026-07-25T07:06:27.447Z] [INFO] GET /api/courts?q=%D0%9F%D0%B5%D1%80%D0%BC → 304 {"durationMs":8}
[2026-07-25T07:06:27.965Z] [INFO] GET /api/courts?q=%D0%9F%D0%B5%D1%80%D0%BC%20 → 304 {"durationMs":8}
[2026-07-25T07:06:29.031Z] [INFO] GET /api/courts?q=%D0%9F%D0%B5%D1%80%D0%BC%20%D0%BA%D1%80%D0%B0 → 304 {"durationMs":7}
[2026-07-25T07:06:29.342Z] [INFO] GET /api/courts?q=%D0%9F%D0%B5%D1%80%D0%BC%20%D0%BA%D1%80%D0%B0%D0%B5 → 304 {"durationMs":6}
[2026-07-25T07:06:29.766Z] [INFO] GET /api/courts?q=%D0%9F%D0%B5%D1%80%D0%BC%20%D0%BA%D1%80%D0%B0%D0%B5%D0%B2 → 304 {"durationMs":6}
[2026-07-25T07:06:31.431Z] [INFO] GET /api/courts/59OS0000 → 304 {"durationMs":1}
[2026-07-25T07:06:50.419Z] [INFO] POST /api/search/by-party → 200 {"durationMs":13389}
[2026-07-25T07:07:19.176Z] [INFO] GET /api/courts?q=2%20 → 304 {"durationMs":0}
[2026-07-25T07:07:20.868Z] [INFO] GET /api/courts?q=2%20%D0%B4 → 304 {"durationMs":0}
[2026-07-25T07:07:21.476Z] [INFO] GET /api/courts?q=2%20%D0%B4%D0%B6%D0%B5 → 200 {"durationMs":8}
[2026-07-25T07:07:22.371Z] [INFO] GET /api/courts?q=2%20%D0%B4%D0%B6%D0%B5%D1%80 → 200 {"durationMs":8}
[2026-07-25T07:07:23.273Z] [INFO] GET /api/courts?q=2%20%D0%B4 → 304 {"durationMs":0}
[2026-07-25T07:07:24.948Z] [INFO] GET /api/courts?q=2%20%D0%B4%D0%B7%D0%B5%D1%80%D0%B6%20 → 200 {"durationMs":7}
[2026-07-25T07:07:25.861Z] [INFO] GET /api/courts?q=2%20%D0%B4%D0%B7%D0%B5%D1%80%D0%B6%20%D0%BF%D0%B5%D1%80%D0%BC → 200 {"durationMs":6}
[2026-07-25T07:07:27.717Z] [INFO] GET /api/courts/59MS0002 → 304 {"durationMs":0}
[2026-07-25T07:08:01.733Z] [INFO] POST /api/search/by-party → 200 {"durationMs":31398}
[2026-07-25T07:18:32.385Z] [INFO] GET /search.html → 304 {"durationMs":5}
[2026-07-25T07:18:32.432Z] [INFO] GET /theme.css → 304 {"durationMs":1}
[2026-07-25T07:18:32.438Z] [INFO] GET /app.js → 304 {"durationMs":1}
[2026-07-25T07:18:34.228Z] [INFO] GET / → 304 {"durationMs":1}
[2026-07-25T07:18:34.287Z] [INFO] GET /theme.css → 304 {"durationMs":1}
[2026-07-25T07:18:34.288Z] [INFO] GET /app.js → 304 {"durationMs":1}
[2026-07-25T07:18:34.298Z] [INFO] GET /api/status → 304 {"durationMs":3}
[2026-07-25T07:18:34.299Z] [INFO] GET /api/cases → 304 {"durationMs":1}
[2026-07-25T07:18:34.301Z] [INFO] GET /api/notifications → 304 {"durationMs":1}
[2026-07-25T07:18:36.816Z] [INFO] GET /search.html → 304 {"durationMs":1}
[2026-07-25T07:18:37.073Z] [INFO] GET /theme.css → 304 {"durationMs":1}
[2026-07-25T07:18:37.074Z] [INFO] GET /app.js → 304 {"durationMs":1}
[2026-07-25T07:18:40.879Z] [INFO] GET /api/courts?q=%D0%BF%D0%B5%D1%80%D0%BC → 304 {"durationMs":7}
[2026-07-25T07:18:51.278Z] [INFO] GET /api/courts?q=%D0%BF%D0%B5%D1%80%D0%BC%20 → 200 {"durationMs":7}
[2026-07-25T07:18:55.838Z] [INFO] GET /api/courts?q=%D0%BF%D0%B5%D1%80%D0%BC%20%D0%BA → 200 {"durationMs":7}
[2026-07-25T07:18:56.789Z] [INFO] GET /api/courts?q=%D0%BF%D0%B5%D1%80%D0%BC%20%D0%BA%D1%80%D0%B0%D0%B5 → 304 {"durationMs":6}
[2026-07-25T07:18:57.119Z] [INFO] GET /api/courts?q=%D0%BF%D0%B5%D1%80%D0%BC%20%D0%BA%D1%80%D0%B0%D0%B5%D0%B2 → 304 {"durationMs":7}
[2026-07-25T07:18:59.309Z] [INFO] GET /api/courts/59OS0000 → 304 {"durationMs":1}
[2026-07-25T07:19:13.601Z] [INFO] POST /api/search/by-party → 200 {"durationMs":7901}
[2026-07-25T07:21:38.210Z] [INFO] GET / → 304 {"durationMs":6}
[2026-07-25T07:21:38.273Z] [INFO] GET /theme.css → 304 {"durationMs":1}
[2026-07-25T07:21:38.274Z] [INFO] GET /app.js → 304 {"durationMs":2}
[2026-07-25T07:21:38.305Z] [INFO] GET /api/status → 304 {"durationMs":2}
[2026-07-25T07:21:38.306Z] [INFO] GET /api/cases → 304 {"durationMs":1}
[2026-07-25T07:21:38.311Z] [INFO] GET /api/notifications → 304 {"durationMs":0}
[2026-07-25T07:21:39.974Z] [INFO] GET /search.html → 304 {"durationMs":1}
[2026-07-25T07:21:40.233Z] [INFO] GET /theme.css → 304 {"durationMs":1}
[2026-07-25T07:21:40.234Z] [INFO] GET /app.js → 304 {"durationMs":0}
[2026-07-25T07:21:42.994Z] [INFO] GET /api/courts?q=%D0%9F%D0%B5%D1%80%D0%BC → 304 {"durationMs":7}
[2026-07-25T07:21:43.465Z] [INFO] GET /api/courts?q=%D0%9F%D0%B5%D1%80%D0%BC%20 → 304 {"durationMs":6}
[2026-07-25T07:21:44.864Z] [INFO] GET /api/courts?q=%D0%9F%D0%B5%D1%80%D0%BC%20%D0%BA%D1%80%D0%B0%D0%B5%D0%B2 → 304 {"durationMs":7}
[2026-07-25T07:21:46.185Z] [INFO] GET /api/courts/59OS0000 → 304 {"durationMs":1}
[2026-07-25T07:22:01.372Z] [INFO] POST /api/search/by-party → 500 {"durationMs":7679}
[2026-07-25T07:24:43.920Z] [INFO] GET / → 304 {"durationMs":5}
[2026-07-25T07:24:43.979Z] [INFO] GET /theme.css → 304 {"durationMs":2}
[2026-07-25T07:24:43.979Z] [INFO] GET /app.js → 304 {"durationMs":1}
[2026-07-25T07:24:43.987Z] [INFO] GET /api/status → 304 {"durationMs":2}
[2026-07-25T07:24:43.989Z] [INFO] GET /api/cases → 304 {"durationMs":1}
[2026-07-25T07:24:43.990Z] [INFO] GET /api/notifications → 304 {"durationMs":0}
[2026-07-25T07:24:45.563Z] [INFO] GET /search.html → 304 {"durationMs":1}
[2026-07-25T07:24:45.825Z] [INFO] GET /theme.css → 304 {"durationMs":1}
[2026-07-25T07:24:45.826Z] [INFO] GET /app.js → 304 {"durationMs":1}
[2026-07-25T07:24:49.049Z] [INFO] GET /api/courts?q=%D0%9F%D0%B5%D1%80%D0%BC → 304 {"durationMs":7}
[2026-07-25T07:24:50.607Z] [INFO] GET /api/courts?q=%D0%9F%D0%B5%D1%80%D0%BC%20%D0%BA → 304 {"durationMs":7}
[2026-07-25T07:24:51.205Z] [INFO] GET /api/courts?q=%D0%9F%D0%B5%D1%80%D0%BC%20%D0%BA%D1%80%D0%B0 → 304 {"durationMs":7}
[2026-07-25T07:24:52.005Z] [INFO] GET /api/courts?q=%D0%9F%D0%B5%D1%80%D0%BC%20%D0%BA%D1%80%D0%B0%D0%B5%D0%B2 → 304 {"durationMs":7}
[2026-07-25T07:24:53.536Z] [INFO] GET /api/courts/59OS0000 → 304 {"durationMs":1}
[2026-07-25T07:25:11.737Z] [INFO] POST /api/search/by-party → 500 {"durationMs":13516}
[2026-07-25T07:33:37.428Z] [INFO] GET / → 304 {"durationMs":6}
[2026-07-25T07:33:37.501Z] [INFO] GET /theme.css → 304 {"durationMs":2}
[2026-07-25T07:33:37.501Z] [INFO] GET /app.js → 304 {"durationMs":1}
[2026-07-25T07:33:37.511Z] [INFO] GET /api/status → 304 {"durationMs":2}
[2026-07-25T07:33:37.513Z] [INFO] GET /api/cases → 304 {"durationMs":1}
[2026-07-25T07:33:37.515Z] [INFO] GET /api/notifications → 304 {"durationMs":1}
[2026-07-25T07:33:39.109Z] [INFO] GET /search.html → 304 {"durationMs":1}
[2026-07-25T07:33:39.383Z] [INFO] GET /theme.css → 304 {"durationMs":1}
[2026-07-25T07:33:39.384Z] [INFO] GET /app.js → 304 {"durationMs":2}
[2026-07-25T07:33:42.767Z] [INFO] GET /api/courts?q=%D0%9F%D0%B5%D1%80%D0%BC%20 → 304 {"durationMs":9}
[2026-07-25T07:33:43.078Z] [INFO] GET /api/courts?q=%D0%9F%D0%B5%D1%80%D0%BC%20%D0%BA → 304 {"durationMs":6}
[2026-07-25T07:33:43.566Z] [INFO] GET /api/courts?q=%D0%9F%D0%B5%D1%80%D0%BC%20%D0%BA%D1%80%D0%B0 → 304 {"durationMs":6}
[2026-07-25T07:33:44.386Z] [INFO] GET /api/courts?q=%D0%9F%D0%B5%D1%80%D0%BC%20%D0%BA%D1%80%D0%B0%D0%B5%D0%B2 → 304 {"durationMs":6}
[2026-07-25T07:33:45.937Z] [INFO] GET /api/courts/59OS0000 → 304 {"durationMs":1}
[2026-07-25T07:33:59.001Z] [INFO] POST /api/search/by-party → 500 {"durationMs":7864}
[2026-07-25T07:37:25.547Z] [INFO] GET / → 304 {"durationMs":6}
[2026-07-25T07:37:25.607Z] [INFO] GET /theme.css → 304 {"durationMs":2}
[2026-07-25T07:37:25.608Z] [INFO] GET /app.js → 304 {"durationMs":2}
[2026-07-25T07:37:25.616Z] [INFO] GET /api/status → 304 {"durationMs":2}
[2026-07-25T07:37:25.617Z] [INFO] GET /api/cases → 304 {"durationMs":1}
[2026-07-25T07:37:25.618Z] [INFO] GET /api/notifications → 304 {"durationMs":0}
[2026-07-25T07:37:27.148Z] [INFO] GET /search.html → 304 {"durationMs":1}
[2026-07-25T07:37:27.400Z] [INFO] GET /theme.css → 304 {"durationMs":1}
[2026-07-25T07:37:27.401Z] [INFO] GET /app.js → 304 {"durationMs":2}
[2026-07-25T07:37:30.835Z] [INFO] GET /api/courts?q=Gt → 200 {"durationMs":7}
[2026-07-25T07:37:33.393Z] [INFO] GET /api/courts?q=%D0%9F%D0%B5%D1%80%D0%BC%20 → 304 {"durationMs":7}
[2026-07-25T07:37:36.647Z] [INFO] GET /api/courts?q=%D0%9F%D0%B5%D1%80%D0%BC%20%D0%BA%D1%80%D0%B0 → 304 {"durationMs":7}
[2026-07-25T07:37:37.558Z] [INFO] GET /api/courts?q=%D0%9F%D0%B5%D1%80%D0%BC%20%D0%BA%D1%80%D0%B0%D0%B5%D0%B2 → 304 {"durationMs":5}
[2026-07-25T07:37:39.704Z] [INFO] GET /api/courts/59OS0000 → 304 {"durationMs":1}
[2026-07-25T07:37:54.041Z] [INFO] POST /api/search/by-party → 500 {"durationMs":7681}
[2026-07-25T07:39:37.251Z] [INFO] GET / → 304 {"durationMs":7}
[2026-07-25T07:39:37.313Z] [INFO] GET /theme.css → 304 {"durationMs":1}
[2026-07-25T07:39:37.314Z] [INFO] GET /app.js → 304 {"durationMs":2}
[2026-07-25T07:39:37.324Z] [INFO] GET /api/status → 304 {"durationMs":2}
[2026-07-25T07:39:37.326Z] [INFO] GET /api/cases → 304 {"durationMs":1}
[2026-07-25T07:39:37.327Z] [INFO] GET /api/notifications → 304 {"durationMs":1}
[2026-07-25T07:39:39.003Z] [INFO] GET /search.html → 304 {"durationMs":1}
[2026-07-25T07:39:39.313Z] [INFO] GET /theme.css → 304 {"durationMs":1}
[2026-07-25T07:39:39.314Z] [INFO] GET /app.js → 304 {"durationMs":1}
[2026-07-25T07:39:49.001Z] [INFO] GET /api/courts?q=%D0%9F%D0%B5%D1%80%D0%BC%20 → 304 {"durationMs":7}
[2026-07-25T07:39:49.770Z] [INFO] GET /api/courts?q=%D0%9F%D0%B5%D1%80%D0%BC%20%D0%BA → 304 {"durationMs":7}
[2026-07-25T07:39:50.757Z] [INFO] GET /api/courts?q=%D0%9F%D0%B5%D1%80%D0%BC%20%D0%BA%D1%80%D0%B0%D0%B5%D0%B2 → 304 {"durationMs":6}
[2026-07-25T07:39:52.459Z] [INFO] GET /api/courts/59OS0000 → 304 {"durationMs":1}
[2026-07-25T07:40:04.061Z] [INFO] POST /api/search/by-party → 500 {"durationMs":7151}
[2026-07-25T07:42:21.794Z] [INFO] GET / → 304 {"durationMs":6}
[2026-07-25T07:42:21.856Z] [INFO] GET /theme.css → 304 {"durationMs":1}
[2026-07-25T07:42:21.857Z] [INFO] GET /app.js → 304 {"durationMs":2}
[2026-07-25T07:42:21.866Z] [INFO] GET /api/status → 304 {"durationMs":3}
[2026-07-25T07:42:21.868Z] [INFO] GET /api/cases → 304 {"durationMs":1}
[2026-07-25T07:42:21.870Z] [INFO] GET /api/notifications → 304 {"durationMs":1}
[2026-07-25T07:42:23.716Z] [INFO] GET /search.html → 304 {"durationMs":1}
[2026-07-25T07:42:23.962Z] [INFO] GET /theme.css → 304 {"durationMs":1}
[2026-07-25T07:42:23.963Z] [INFO] GET /app.js → 304 {"durationMs":2}
[2026-07-25T07:42:27.029Z] [INFO] GET /api/courts?q=%D0%9F%D0%B5%D1%80%D0%BC → 304 {"durationMs":7}
[2026-07-25T07:42:27.941Z] [INFO] GET /api/courts?q=%D0%9F%D0%B5%D1%80%D0%BC%20%D0%BA%D1%80 → 304 {"durationMs":6}
[2026-07-25T07:42:28.569Z] [INFO] GET /api/courts?q=%D0%9F%D0%B5%D1%80%D0%BC%20%D0%BA%D1%80%D0%B0 → 304 {"durationMs":7}
[2026-07-25T07:42:29.209Z] [INFO] GET /api/courts?q=%D0%9F%D0%B5%D1%80%D0%BC%20%D0%BA%D1%80%D0%B0%D0%B5%D0%B2 → 304 {"durationMs":7}
[2026-07-25T07:42:30.655Z] [INFO] GET /api/courts/59OS0000 → 304 {"durationMs":1}
[2026-07-25T07:42:45.158Z] [INFO] POST /api/search/by-party → 500 {"durationMs":7321}
[2026-07-25T07:43:58.283Z] [INFO] GET / → 304 {"durationMs":6}
[2026-07-25T07:43:58.335Z] [INFO] GET /theme.css → 304 {"durationMs":2}
[2026-07-25T07:43:58.335Z] [INFO] GET /app.js → 304 {"durationMs":1}
[2026-07-25T07:43:58.343Z] [INFO] GET /api/status → 304 {"durationMs":2}
[2026-07-25T07:43:58.344Z] [INFO] GET /api/cases → 304 {"durationMs":1}
[2026-07-25T07:43:58.346Z] [INFO] GET /api/notifications → 304 {"durationMs":1}
[2026-07-25T07:43:59.956Z] [INFO] GET /search.html → 304 {"durationMs":0}
[2026-07-25T07:44:00.218Z] [INFO] GET /theme.css → 304 {"durationMs":1}
[2026-07-25T07:44:00.219Z] [INFO] GET /app.js → 304 {"durationMs":2}
[2026-07-25T07:44:03.590Z] [INFO] GET /api/courts?q=%D0%9F%D0%B5%D1%80%D0%BC → 304 {"durationMs":8}
[2026-07-25T07:44:04.251Z] [INFO] GET /api/courts?q=%D0%9F%D0%B5%D1%80%D0%BC%20%D0%BA → 304 {"durationMs":7}
[2026-07-25T07:44:04.914Z] [INFO] GET /api/courts?q=%D0%9F%D0%B5%D1%80%D0%BC%20%D0%BA%D1%80%D0%B0 → 304 {"durationMs":8}
[2026-07-25T07:44:05.549Z] [INFO] GET /api/courts?q=%D0%9F%D0%B5%D1%80%D0%BC%20%D0%BA%D1%80%D0%B0%D0%B5%D0%B2 → 304 {"durationMs":6}
[2026-07-25T07:44:08.093Z] [INFO] GET /api/courts/59OS0000 → 304 {"durationMs":1}
[2026-07-25T07:44:21.849Z] [INFO] POST /api/search/by-party → 500 {"durationMs":7700}
[2026-07-25T07:48:36.129Z] [INFO] GET / → 304 {"durationMs":5}
[2026-07-25T07:48:36.198Z] [INFO] GET /theme.css → 304 {"durationMs":1}
[2026-07-25T07:48:36.199Z] [INFO] GET /app.js → 304 {"durationMs":1}
[2026-07-25T07:48:36.228Z] [INFO] GET /api/status → 304 {"durationMs":3}
[2026-07-25T07:48:36.233Z] [INFO] GET /api/cases → 304 {"durationMs":1}
[2026-07-25T07:48:36.234Z] [INFO] GET /api/notifications → 304 {"durationMs":1}
[2026-07-25T07:48:37.841Z] [INFO] GET /search.html → 304 {"durationMs":1}
[2026-07-25T07:48:38.129Z] [INFO] GET /theme.css → 304 {"durationMs":1}
[2026-07-25T07:48:38.130Z] [INFO] GET /app.js → 304 {"durationMs":1}
[2026-07-25T07:48:41.466Z] [INFO] GET /api/courts?q=%D0%9F%D0%B5%D1%80%D0%BC → 304 {"durationMs":10}
[2026-07-25T07:48:42.468Z] [INFO] GET /api/courts?q=%D0%9F%D0%B5%D1%80%D0%BC%20 → 304 {"durationMs":6}
[2026-07-25T07:48:44.033Z] [INFO] GET /api/courts?q=%D0%9F%D0%B5%D1%80%D0%BC%20%D0%BA%D1%80 → 304 {"durationMs":6}
[2026-07-25T07:48:45.188Z] [INFO] GET /api/courts?q=%D0%9F%D0%B5%D1%80%D0%BC%20%D0%BA%D1%80%D0%B0%D0%B5%D0%B2 → 304 {"durationMs":6}
[2026-07-25T07:48:46.696Z] [INFO] GET /api/courts/59OS0000 → 304 {"durationMs":1}
[2026-07-25T07:48:59.635Z] [INFO] POST /api/search/by-party → 500 {"durationMs":7120}
[2026-07-25T07:49:05.242Z] [INFO] GET /api/courts?q=%D0%BF%D0%B5%D1%80%D0%BC%20%D0%B4 → 200 {"durationMs":10}
[2026-07-25T07:49:06.167Z] [INFO] GET /api/courts?q=%D0%BF%D0%B5%D1%80%D0%BC%20%D0%B4%D0%B7%D0%B5%D1%80%D0%B6 → 200 {"durationMs":7}
[2026-07-25T07:49:08.631Z] [INFO] GET /api/courts/59RS0001 → 304 {"durationMs":0}
[2026-07-25T07:49:13.181Z] [INFO] POST /api/search/by-party → 200 {"durationMs":2594}
[2026-07-25T07:49:32.302Z] [INFO] POST /api/search/by-party → 200 {"durationMs":386}
[2026-07-25T07:49:44.029Z] [INFO] POST /api/search/by-party → 200 {"durationMs":5207}
[2026-07-25T07:51:21.146Z] [INFO] GET / → 304 {"durationMs":0}
[2026-07-25T07:51:21.206Z] [INFO] GET /theme.css → 304 {"durationMs":1}
[2026-07-25T07:51:21.207Z] [INFO] GET /app.js → 304 {"durationMs":1}
[2026-07-25T07:51:21.214Z] [INFO] GET /api/status → 304 {"durationMs":0}
[2026-07-25T07:51:21.215Z] [INFO] GET /api/cases → 304 {"durationMs":0}
[2026-07-25T07:51:21.216Z] [INFO] GET /api/notifications → 304 {"durationMs":1}
[2026-07-25T07:51:27.012Z] [INFO] GET /search.html → 304 {"durationMs":1}
[2026-07-25T07:51:27.269Z] [INFO] GET /theme.css → 304 {"durationMs":1}
[2026-07-25T07:51:27.271Z] [INFO] GET /app.js → 304 {"durationMs":1}
[2026-07-25T07:51:30.386Z] [INFO] GET /api/courts?q=2%20%D0%B4 → 304 {"durationMs":0}
[2026-07-25T07:51:30.752Z] [INFO] GET /api/courts?q=2%20%D0%B4%D0%B6 → 200 {"durationMs":9}
[2026-07-25T07:51:32.249Z] [INFO] GET /api/courts?q=2%20%D0%B4%D0%B7%D0%B5%D1%80%D0%B6%20 → 304 {"durationMs":7}
[2026-07-25T07:51:34.636Z] [INFO] GET /api/courts?q=2%20%D0%B4%D0%B7%D0%B5%D1%80%D0%B6%20%D0%BF%D0%B5%D1%80%D0%BC → 304 {"durationMs":6}
[2026-07-25T07:51:36.741Z] [INFO] GET /api/courts/59MS0002 → 304 {"durationMs":1}
[2026-07-25T07:52:05.997Z] [INFO] POST /api/search/by-party → 200 {"durationMs":22371}
[2026-07-25T07:55:16.844Z] [INFO] GET /search.html → 304 {"durationMs":4}
[2026-07-25T07:55:16.909Z] [INFO] GET /theme.css → 304 {"durationMs":2}
[2026-07-25T07:55:16.910Z] [INFO] GET /app.js → 304 {"durationMs":2}
[2026-07-25T07:55:19.979Z] [INFO] GET /api/courts?q=%D0%9F%D0%B5%D1%80%D0%BC → 304 {"durationMs":7}
[2026-07-25T07:55:20.950Z] [INFO] GET /api/courts?q=%D0%9F%D0%B5%D1%80%D0%BC%20 → 304 {"durationMs":6}
[2026-07-25T07:55:21.470Z] [INFO] GET /api/courts?q=%D0%9F%D0%B5%D1%80%D0%BC%20%D0%BA%D1%80 → 304 {"durationMs":7}
[2026-07-25T07:55:22.486Z] [INFO] GET /api/courts?q=%D0%9F%D0%B5%D1%80%D0%BC%20%D0%BA%D1%80%D0%B0%D0%B5%D0%B2 → 304 {"durationMs":7}
[2026-07-25T07:55:23.874Z] [INFO] GET /api/courts/59OS0000 → 304 {"durationMs":1}
[2026-07-25T07:55:41.593Z] [INFO] POST /api/search/by-number → 500 {"durationMs":13201}
[2026-07-25T08:00:25.584Z] [INFO] GET / → 304 {"durationMs":5}
[2026-07-25T08:00:25.651Z] [INFO] GET /theme.css → 304 {"durationMs":2}
[2026-07-25T08:00:25.652Z] [INFO] GET /app.js → 304 {"durationMs":2}
[2026-07-25T08:00:25.686Z] [INFO] GET /api/status → 304 {"durationMs":3}
[2026-07-25T08:00:25.688Z] [INFO] GET /api/cases → 304 {"durationMs":1}
[2026-07-25T08:00:25.690Z] [INFO] GET /api/notifications → 304 {"durationMs":1}
[2026-07-25T08:00:27.841Z] [INFO] GET /search.html → 304 {"durationMs":0}
[2026-07-25T08:00:28.105Z] [INFO] GET /theme.css → 304 {"durationMs":1}
[2026-07-25T08:00:28.106Z] [INFO] GET /app.js → 304 {"durationMs":2}
[2026-07-25T08:00:30.744Z] [INFO] GET /api/courts?q=%D0%9F%D0%B5%D1%80%D0%BC → 304 {"durationMs":9}
[2026-07-25T08:00:31.336Z] [INFO] GET /api/courts?q=%D0%9F%D0%B5%D1%80%D0%BC%20 → 304 {"durationMs":7}
[2026-07-25T08:00:32.085Z] [INFO] GET /api/courts?q=%D0%9F%D0%B5%D1%80%D0%BC%20%D0%BA → 304 {"durationMs":7}
[2026-07-25T08:00:32.536Z] [INFO] GET /api/courts?q=%D0%9F%D0%B5%D1%80%D0%BC%20%D0%BA%D1%80%D0%B0 → 304 {"durationMs":7}
[2026-07-25T08:00:33.114Z] [INFO] GET /api/courts?q=%D0%9F%D0%B5%D1%80%D0%BC%20%D0%BA%D1%80%D0%B0%D0%B5%D0%B2 → 304 {"durationMs":5}
[2026-07-25T08:00:34.842Z] [INFO] GET /api/courts/59OS0000 → 304 {"durationMs":1}
[2026-07-25T08:00:48.208Z] [INFO] POST /api/search/by-party → 500 {"durationMs":8124}
[2026-07-25T08:03:57.980Z] [INFO] GET / → 304 {"durationMs":7}
[2026-07-25T08:03:58.032Z] [INFO] GET /theme.css → 304 {"durationMs":3}
[2026-07-25T08:03:58.032Z] [INFO] GET /app.js → 304 {"durationMs":1}
[2026-07-25T08:03:58.043Z] [INFO] GET /api/status → 304 {"durationMs":2}
[2026-07-25T08:03:58.045Z] [INFO] GET /api/cases → 304 {"durationMs":0}
[2026-07-25T08:03:58.046Z] [INFO] GET /api/notifications → 304 {"durationMs":1}
[2026-07-25T08:03:59.719Z] [INFO] GET /search.html → 304 {"durationMs":0}
[2026-07-25T08:03:59.975Z] [INFO] GET /theme.css → 304 {"durationMs":1}
[2026-07-25T08:03:59.976Z] [INFO] GET /app.js → 304 {"durationMs":1}
[2026-07-25T08:04:03.417Z] [INFO] GET /api/courts?q=%D0%9F%D0%B5%D1%80%D0%BC → 304 {"durationMs":8}
[2026-07-25T08:04:04.050Z] [INFO] GET /api/courts?q=%D0%9F%D0%B5%D1%80%D0%BC%20 → 304 {"durationMs":7}
[2026-07-25T08:04:04.902Z] [INFO] GET /api/courts?q=%D0%9F%D0%B5%D1%80%D0%BC%20%D0%BA%D1%80 → 304 {"durationMs":8}
[2026-07-25T08:04:05.544Z] [INFO] GET /api/courts?q=%D0%9F%D0%B5%D1%80%D0%BC%20%D0%BA%D1%80%D0%B0 → 304 {"durationMs":6}
[2026-07-25T08:04:06.216Z] [INFO] GET /api/courts?q=%D0%9F%D0%B5%D1%80%D0%BC%20%D0%BA%D1%80%D0%B0%D0%B5%D0%B2 → 304 {"durationMs":7}
[2026-07-25T08:04:07.441Z] [INFO] GET /api/courts/59OS0000 → 304 {"durationMs":0}
[2026-07-25T08:04:21.298Z] [INFO] POST /api/search/by-party → 500 {"durationMs":7531}
[2026-07-25T08:08:57.558Z] [INFO] GET /search.html → 304 {"durationMs":5}
[2026-07-25T08:08:57.617Z] [INFO] GET /theme.css → 304 {"durationMs":1}
[2026-07-25T08:08:57.618Z] [INFO] GET /app.js → 304 {"durationMs":1}
[2026-07-25T08:09:17.162Z] [INFO] GET /api/courts?q=%D0%9F%D0%B5%D1%80 → 304 {"durationMs":10}
[2026-07-25T08:09:17.864Z] [INFO] GET /api/courts?q=%D0%9F%D0%B5%D1%80%D0%BC%D1%8C → 304 {"durationMs":7}
[2026-07-25T08:09:19.232Z] [INFO] GET /api/courts?q=%D0%9F%D0%B5%D1%80%D0%BC → 304 {"durationMs":6}
[2026-07-25T08:09:20.191Z] [INFO] GET /api/courts?q=%D0%9F%D0%B5%D1%80%D0%BC%20%D0%BA%D1%80 → 304 {"durationMs":6}
[2026-07-25T08:09:21.201Z] [INFO] GET /api/courts?q=%D0%9F%D0%B5%D1%80%D0%BC%20%D0%BA%D1%80%D0%B0%D0%B5%D0%B2 → 304 {"durationMs":6}
[2026-07-25T08:09:32.121Z] [INFO] GET /api/courts/59OS0000 → 304 {"durationMs":1}
[2026-07-25T08:10:15.834Z] [INFO] POST /api/search/by-party → 500 {"durationMs":18477}
[2026-07-25T08:23:57.083Z] [INFO] GET / → 304 {"durationMs":6}
[2026-07-25T08:23:57.135Z] [INFO] GET /theme.css → 304 {"durationMs":1}
[2026-07-25T08:23:57.136Z] [INFO] GET /app.js → 304 {"durationMs":2}
[2026-07-25T08:23:57.145Z] [INFO] GET /api/status → 304 {"durationMs":2}
[2026-07-25T08:23:57.146Z] [INFO] GET /api/cases → 304 {"durationMs":0}
[2026-07-25T08:23:57.148Z] [INFO] GET /api/notifications → 304 {"durationMs":1}
[2026-07-25T08:23:58.892Z] [INFO] GET /search.html → 304 {"durationMs":1}
[2026-07-25T08:23:59.154Z] [INFO] GET /theme.css → 304 {"durationMs":1}
[2026-07-25T08:23:59.155Z] [INFO] GET /app.js → 304 {"durationMs":1}
[2026-07-25T08:24:02.433Z] [INFO] GET /api/courts?q=%D0%9F%D0%B5%D1%80%D0%BC → 304 {"durationMs":8}
[2026-07-25T08:24:02.845Z] [INFO] GET /api/courts?q=%D0%9F%D0%B5%D1%80%D0%BC%20 → 304 {"durationMs":7}
[2026-07-25T08:24:03.803Z] [INFO] GET /api/courts?q=%D0%9F%D0%B5%D1%80%D0%BC%20%D0%BA%D1%80 → 304 {"durationMs":8}
[2026-07-25T08:24:04.773Z] [INFO] GET /api/courts?q=%D0%9F%D0%B5%D1%80%D0%BC%20%D0%BA%D1%80%D0%B0%D0%B5%D0%B2 → 304 {"durationMs":6}
[2026-07-25T08:24:06.290Z] [INFO] GET /api/courts/59OS0000 → 304 {"durationMs":1}
[2026-07-25T08:24:20.867Z] [INFO] POST /api/search/by-party → 500 {"durationMs":7861}
[2026-07-25T08:27:03.684Z] [INFO] GET / → 304 {"durationMs":4}
[2026-07-25T08:27:03.759Z] [INFO] GET /theme.css → 304 {"durationMs":1}
[2026-07-25T08:27:03.760Z] [INFO] GET /app.js → 304 {"durationMs":1}
[2026-07-25T08:27:03.774Z] [INFO] GET /api/status → 304 {"durationMs":2}
[2026-07-25T08:27:03.776Z] [INFO] GET /api/cases → 304 {"durationMs":1}
[2026-07-25T08:27:03.778Z] [INFO] GET /api/notifications → 304 {"durationMs":1}
[2026-07-25T08:27:05.485Z] [INFO] GET /search.html → 304 {"durationMs":1}
[2026-07-25T08:27:05.784Z] [INFO] GET /theme.css → 304 {"durationMs":1}
[2026-07-25T08:27:05.785Z] [INFO] GET /app.js → 304 {"durationMs":2}
[2026-07-25T08:27:08.699Z] [INFO] GET /api/courts?q=%D0%9F%D0%B5%D1%80%D0%BC → 304 {"durationMs":8}
[2026-07-25T08:27:09.042Z] [INFO] GET /api/courts?q=%D0%9F%D0%B5%D1%80%D0%BC%D1%8C → 304 {"durationMs":7}
[2026-07-25T08:27:09.904Z] [INFO] GET /api/courts?q=%D0%9F%D0%B5%D1%80%D0%BC%20 → 304 {"durationMs":7}
[2026-07-25T08:27:10.609Z] [INFO] GET /api/courts?q=%D0%9F%D0%B5%D1%80%D0%BC%20%D0%BA → 304 {"durationMs":8}
[2026-07-25T08:27:11.449Z] [INFO] GET /api/courts?q=%D0%9F%D0%B5%D1%80%D0%BC%20%D0%BA%D1%80%D0%B0%D0%B5%D0%B2 → 304 {"durationMs":7}
[2026-07-25T08:27:13.373Z] [INFO] GET /api/courts/59OS0000 → 304 {"durationMs":1}
[2026-07-25T08:27:28.758Z] [INFO] POST /api/search/by-party → 500 {"durationMs":10060}
[2026-07-25T08:30:29.613Z] [INFO] GET / → 304 {"durationMs":6}
[2026-07-25T08:30:29.678Z] [INFO] GET /theme.css → 304 {"durationMs":2}
[2026-07-25T08:30:29.679Z] [INFO] GET /app.js → 304 {"durationMs":2}
[2026-07-25T08:30:29.688Z] [INFO] GET /api/status → 304 {"durationMs":3}
[2026-07-25T08:30:29.689Z] [INFO] GET /api/cases → 304 {"durationMs":1}
[2026-07-25T08:30:29.691Z] [INFO] GET /api/notifications → 304 {"durationMs":1}
[2026-07-25T08:30:31.397Z] [INFO] GET /search.html → 304 {"durationMs":1}
[2026-07-25T08:30:31.702Z] [INFO] GET /theme.css → 304 {"durationMs":1}
[2026-07-25T08:30:31.704Z] [INFO] GET /app.js → 304 {"durationMs":4}
[2026-07-25T08:30:34.672Z] [INFO] GET /api/courts?q=%D0%9F%D0%B5%D1%80%D0%BC → 304 {"durationMs":9}
[2026-07-25T08:30:35.654Z] [INFO] GET /api/courts?q=%D0%9F%D0%B5%D1%80%D0%BC%20 → 304 {"durationMs":7}
[2026-07-25T08:30:37.000Z] [INFO] GET /api/courts?q=%D0%9F%D0%B5%D1%80%D0%BC%20%D0%BA%D1%80%D0%B0%D0%B5%D0%B2 → 304 {"durationMs":8}
[2026-07-25T08:30:38.419Z] [INFO] GET /api/courts/59OS0000 → 304 {"durationMs":0}
[2026-07-25T08:30:56.704Z] [INFO] POST /api/search/by-party → 500 {"durationMs":10897}
[2026-07-25T08:31:35.841Z] [INFO] POST /api/search/by-number → 200 {"durationMs":14682}
[2026-07-25T08:35:07.556Z] [INFO] GET / → 304 {"durationMs":5}
[2026-07-25T08:35:07.627Z] [INFO] GET /theme.css → 304 {"durationMs":2}
[2026-07-25T08:35:07.628Z] [INFO] GET /app.js → 304 {"durationMs":2}
[2026-07-25T08:35:07.638Z] [INFO] GET /api/status → 304 {"durationMs":2}
[2026-07-25T08:35:07.640Z] [INFO] GET /api/cases → 304 {"durationMs":1}
[2026-07-25T08:35:07.642Z] [INFO] GET /api/notifications → 304 {"durationMs":1}
[2026-07-25T08:35:09.445Z] [INFO] GET /search.html → 304 {"durationMs":0}
[2026-07-25T08:35:09.725Z] [INFO] GET /theme.css → 304 {"durationMs":1}
[2026-07-25T08:35:09.726Z] [INFO] GET /app.js → 304 {"durationMs":2}
[2026-07-25T08:35:13.411Z] [INFO] GET /api/courts?q=%D0%9F%D0%B5%D1%80%D0%BC%20%D0%BA → 304 {"durationMs":8}
[2026-07-25T08:35:14.455Z] [INFO] GET /api/courts?q=%D0%9F%D0%B5%D1%80%D0%BC%20%D0%BA%D1%80%D0%B0%D0%B5%D0%B2 → 304 {"durationMs":6}
[2026-07-25T08:35:15.466Z] [INFO] GET /api/courts/59OS0000 → 304 {"durationMs":0}
[2026-07-25T08:35:37.410Z] [INFO] POST /api/search/by-party → 200 {"durationMs":17426}
[2026-07-25T08:36:24.906Z] [INFO] POST /api/search/by-party → 200 {"durationMs":8787}
[2026-07-25T08:36:44.404Z] [INFO] POST /api/cases → 200 {"durationMs":6}
[2026-07-25T08:36:55.076Z] [INFO] GET / → 304 {"durationMs":1}
[2026-07-25T08:36:55.151Z] [INFO] GET /theme.css → 304 {"durationMs":1}
[2026-07-25T08:36:55.152Z] [INFO] GET /app.js → 304 {"durationMs":0}
[2026-07-25T08:36:55.161Z] [INFO] GET /api/status → 200 {"durationMs":1}
[2026-07-25T08:36:55.162Z] [INFO] GET /api/cases → 200 {"durationMs":0}
[2026-07-25T08:36:55.163Z] [INFO] GET /api/notifications → 304 {"durationMs":0}
[2026-07-25T08:37:18.418Z] [INFO] GET /search.html → 304 {"durationMs":0}
[2026-07-25T08:37:18.700Z] [INFO] GET /theme.css → 304 {"durationMs":0}
[2026-07-25T08:37:18.701Z] [INFO] GET /app.js → 304 {"durationMs":1}
[2026-07-25T08:37:22.993Z] [INFO] GET /api/courts?q=2%20 → 304 {"durationMs":1}
[2026-07-25T08:37:24.351Z] [INFO] GET /api/courts?q=2%20%D0%B4 → 304 {"durationMs":0}
[2026-07-25T08:37:25.338Z] [INFO] GET /api/courts?q=2%20%D0%B4%D0%B7%D0%B5%D1%80%D0%B6 → 200 {"durationMs":7}
[2026-07-25T08:37:27.443Z] [INFO] GET /api/courts?q=2%20%D0%B4%D0%B7%D0%B5%D1%80%D0%B6%20%D0%BF%D0%B5%D1%80%D0%BC → 304 {"durationMs":7}
[2026-07-25T08:37:29.024Z] [INFO] GET /api/courts/59MS0002 → 304 {"durationMs":0}
[2026-07-25T08:37:52.828Z] [INFO] POST /api/search/by-party → 200 {"durationMs":16788}
[2026-07-25T08:39:46.090Z] [INFO] POST /api/search/by-number → 200 {"durationMs":22496}
[2026-07-25T08:40:00.474Z] [INFO] POST /api/search/by-number → 200 {"durationMs":1048}
[2026-07-25T08:40:06.018Z] [INFO] POST /api/search/by-number → 200 {"durationMs":1009}
